
> pipeline-app@0.1.0 build
> next build

Ôû▓ Next.js 16.1.6 (Turbopack)

  Creating an optimized production build ...
Ô£ô Compiled successfully in 22.7s
  Running TypeScript ...
  Collecting page data using 3 workers ...
